[0m15:25:02  Sending event: {'category': 'dbt', 'action': 'invocation', 'label': 'start', 'context': [<snowplow_tracker.self_describing_json.SelfDescribingJson object at 0x10fa1d010>, <snowplow_tracker.self_describing_json.SelfDescribingJson object at 0x110d874d0>, <snowplow_tracker.self_describing_json.SelfDescribingJson object at 0x110d87750>]}
[0m15:25:02  Running with dbt=1.12.0
[0m15:25:02  running dbt with arguments {'cache_selected_only': 'False', 'printer_width': '80', 'log_path': '/Users/joseph/Desktop/snowflake-data-platform/fleet_transformations/logs', 'quiet': 'False', 'profiles_dir': '/Users/joseph/.dbt', 'fail_fast': 'False', 'partial_parse': 'True', 'introspect': 'True', 'use_experimental_parser': 'False', 'maximum_seed_size_mib': '1', 'log_format': 'default', 'warn_error_options': 'WarnErrorOptionsV2(error=[], warn=[], silence=[])', 'target_path': 'None', 'log_cache_events': 'False', 'debug': 'False', 'send_anonymous_usage_stats': 'True', 'static_parser': 'True', 'write_json': 'True', 'empty': 'None', 'hints_enabled': 'True', 'warn_error': 'None', 'use_colors': 'True', 'no_print': 'None', 'indirect_selection': 'eager', 'version_check': 'True', 'invocation_command': 'dbt debug --log-level debug'}
[0m15:25:02  dbt version: 1.12.0
[0m15:25:02  python version: 3.13.7
[0m15:25:02  python path: /Users/joseph/Desktop/snowflake-data-platform/.venv-1/bin/python3.13
[0m15:25:02  os info: macOS-15.7.7-x86_64-i386-64bit-Mach-O
[0m15:25:04  Snowflake adapter: Setting snowflake.connector to ERROR (file logging only)
[0m15:25:04  Snowflake adapter: Setting botocore to ERROR (file logging only)
[0m15:25:04  Snowflake adapter: Setting boto3 to ERROR (file logging only)
[0m15:25:04  Using profiles dir at /Users/joseph/.dbt
[0m15:25:04  Using profiles.yml file at /Users/joseph/.dbt/profiles.yml
[0m15:25:04  Using dbt_project.yml file at /Users/joseph/Desktop/snowflake-data-platform/fleet_transformations/dbt_project.yml
[0m15:25:04  adapter type: snowflake
[0m15:25:04  adapter version: 1.12.0
[0m15:25:04  Configuration:
[0m15:25:04    profiles.yml file [[32mOK found and valid[0m]
[0m15:25:04    dbt_project.yml file [[32mOK found and valid[0m]
[0m15:25:04  Required dependencies:
[0m15:25:04  Executing "git --help"
[0m15:25:04  STDOUT: "b"usage: git [-v | --version] [-h | --help] [-C <path>] [-c <name>=<value>]\n           [--exec-path[=<path>]] [--html-path] [--man-path] [--info-path]\n           [-p | --paginate | -P | --no-pager] [--no-replace-objects] [--bare]\n           [--git-dir=<path>] [--work-tree=<path>] [--namespace=<name>]\n           [--super-prefix=<path>] [--config-env=<name>=<envvar>]\n           <command> [<args>]\n\nThese are common Git commands used in various situations:\n\nstart a working area (see also: git help tutorial)\n   clone     Clone a repository into a new directory\n   init      Create an empty Git repository or reinitialize an existing one\n\nwork on the current change (see also: git help everyday)\n   add       Add file contents to the index\n   mv        Move or rename a file, a directory, or a symlink\n   restore   Restore working tree files\n   rm        Remove files from the working tree and from the index\n\nexamine the history and state (see also: git help revisions)\n   bisect    Use binary search to find the commit that introduced a bug\n   diff      Show changes between commits, commit and working tree, etc\n   grep      Print lines matching a pattern\n   log       Show commit logs\n   show      Show various types of objects\n   status    Show the working tree status\n\ngrow, mark and tweak your common history\n   branch    List, create, or delete branches\n   commit    Record changes to the repository\n   merge     Join two or more development histories together\n   rebase    Reapply commits on top of another base tip\n   reset     Reset current HEAD to the specified state\n   switch    Switch branches\n   tag       Create, list, delete or verify a tag object signed with GPG\n\ncollaborate (see also: git help workflows)\n   fetch     Download objects and refs from another repository\n   pull      Fetch from and integrate with another repository or a local branch\n   push      Update remote refs along with associated objects\n\n'git help -a' and 'git help -g' list available subcommands and some\nconcept guides. See 'git help <command>' or 'git help <concept>'\nto read about a specific subcommand or concept.\nSee 'git help git' for an overview of the system.\n""
[0m15:25:04  STDERR: "b''"
[0m15:25:04   - git [[32mOK found[0m]

[0m15:25:04  Connection:
[0m15:25:04    account: TCCOGBV-EO55355
[0m15:25:04    user: ADRIAN
[0m15:25:04    database: DE_PROJECT
[0m15:25:04    warehouse: COMPUTE_WH
[0m15:25:04    role: ACCOUNTADMIN
[0m15:25:04    schema: STAGING
[0m15:25:04    authenticator: snowflake_jwt
[0m15:25:04    oauth_client_id: None
[0m15:25:04    query_tag: None
[0m15:25:04    client_session_keep_alive: False
[0m15:25:04    host: None
[0m15:25:04    port: None
[0m15:25:04    proxy_host: None
[0m15:25:04    proxy_port: None
[0m15:25:04    protocol: None
[0m15:25:04    connect_retries: 1
[0m15:25:04    connect_timeout: None
[0m15:25:04    retry_on_database_errors: False
[0m15:25:04    retry_all: False
[0m15:25:04    insecure_mode: False
[0m15:25:04    reuse_connections: True
[0m15:25:04    s3_stage_vpce_dns_name: None
[0m15:25:04    workload_identity_provider: None
[0m15:25:04    workload_identity_entra_resource: None
[0m15:25:04    platform_detection_timeout_seconds: 0.0
[0m15:25:04  Registered adapter: snowflake=1.12.0
[0m15:25:04  Acquiring new snowflake connection 'debug'
[0m15:25:04  Using snowflake connection "debug"
[0m15:25:04  On debug: select 1 as id
[0m15:25:04  Opening a new connection, currently in state init
[0m15:25:05  Snowflake adapter: Error running SQL: select 1 as id
[0m15:25:05  Snowflake adapter: Rolling back transaction.
[0m15:25:05    Connection test: [[31mERROR[0m]

[0m15:25:05  [31m1 check failed:[0m
[0m15:25:05  dbt was unable to connect to the specified database.
The database returned the following error:

  >Database Error
  250001 (08001): Failed to connect to DB: TCCOGBV-EO55355.snowflakecomputing.com:443. JWT token is invalid.  [cf097af8-9fb6-49ad-9462-82c1b338b0a5]

Check your database credentials and try again. For more information, visit:
https://docs.getdbt.com/docs/configure-your-profile


[0m15:25:05  Resource report: {"command_name": "debug", "command_success": false, "command_wall_clock_time": 2.5561407, "process_in_blocks": "0", "process_kernel_time": 0.708045, "process_mem_max_rss": "215359488", "process_out_blocks": "0", "process_user_time": 3.152705}
[0m15:25:05  Command `dbt debug` failed at 17:25:05.108321 after 2.56 seconds
[0m15:25:05  Connection 'debug' was left open.
[0m15:25:05  On debug: No close available on handle
[0m15:25:05  Sending event: {'category': 'dbt', 'action': 'invocation', 'label': 'end', 'context': [<snowplow_tracker.self_describing_json.SelfDescribingJson object at 0x11cdad480>, <snowplow_tracker.self_describing_json.SelfDescribingJson object at 0x11cf08290>, <snowplow_tracker.self_describing_json.SelfDescribingJson object at 0x11cd29260>]}
[0m15:25:05  Flushing usage events
[0m15:25:05  An error was encountered while trying to flush usage events
